// Jest Snapshot v1, https://goo.gl/fbAQLP

exports[`Profile component snapshot test 1`] = `null`;
