// Jest Snapshot v1, https://goo.gl/fbAQLP

exports[`Category Snapshot 1`] = `
<div>
  <h5
    className="MuiTypography-root makeStyles-heading-1 MuiTypography-h5"
  >
    Category
  </h5>
  <div
    className="makeStyles-paperDiv-3"
  />
  <hr
    className="makeStyles-hr-2"
  />
</div>
`;
