// Jest Snapshot v1, https://goo.gl/fbAQLP

exports[`Login Component Test Login Component snapShot test 1`] = `<div />`;
