// Jest Snapshot v1, https://goo.gl/fbAQLP

exports[`Register SnapShot Test 1`] = `<div />`;
